// 同步 ID: 2a2fbc07 @ Thu Jul 16 05:16:36 UTC 2026
// 同步 ID: f21272cc @ Thu Jul 16 12:07:02 UTC 2026
// 同步 ID: fb34abab @ Thu Jul 16 17:38:00 UTC 2026
// 重构日志: 9e402b8d
// 同步 ID: 1f89ea8e @ Fri Jul 17 14:45:25 UTC 2026
// 同步 ID: f1c086ed @ Sat Jul 18 00:10:19 UTC 2026
// 重构日志: 10c029a4
// 重构日志: f062f38a
// 重构日志: 0e71fa66
// 重构日志: df0cf726
// 重构日志: f2818a92
// 重构日志: cce38fd6
// 重构日志: 50687564
// 重构日志: b8ccbf5b
// 重构日志: 4e866b26
// 重构日志: 07cb5b5f
// 重构日志: 609e4783
// 重构日志: f36300bb
// 重构日志: 55fdf141
// 同步 ID: 2a03c164 @ Thu Jul 23 16:29:54 UTC 2026
// 重构日志: 857a2c11
// 同步 ID: b5b79af7 @ Fri Jul 24 17:11:15 UTC 2026
// 重构日志: 7ad287c9
// 重构日志: a723905f
// 同步 ID: b5cbac89 @ Sat Jul 25 16:01:14 UTC 2026
// 重构日志: 84a11a48
// 重构日志: 736660e2
// 同步 ID: 7f2cb2ae @ Tue Jul 28 11:14:53 UTC 2026
// 重构日志: 17e5d1c9
// 同步 ID: 531ce875 @ Wed Jul 29 08:27:48 UTC 2026
// 重构日志: be7724bf
// 重构日志: 1a0084d2
// 重构日志: b2d14d42
